# set_logic: QF_LRA
# :smt-lib-version: 2.0
# :category: "check"
# :status: sat
# :notes: |This benchmark is designed to check if the DP supports bignumbers.|
p cnf 5 3
c -6.0 3.0 0.0 0.0 0.0
b 5 >:10.0 NO_BOUND
c 0.0 0.0 4.0 0.0 0.0
b 6 >:20.0 NO_BOUND
c 0.0 0.0 0.0 -1.0 1.0
b 7 >:30.0 NO_BOUND
eoa
