# set_logic: QF_LRA
# :source: | SMT-COMP'06 organizers |
# :smt-lib-version: 2.0
# :category: "check"
# :status: sat
# :notes: |This benchmark is designed to check if the DP supports bignumbers.|
p cnf 7 6
c 1.0 -1.0 0.0 0.0 0.0 0.0 0.0
b 7 >=:86.0 NO_BOUND
c 0.0 1.0 -1.0 0.0 0.0 0.0 0.0
b 8 >=:99.0 NO_BOUND
c -1.0 0.0 0.0 1.0 0.0 0.0 0.0
b 9 >=:92.0 NO_BOUND
c 0.0 0.0 0.0 0.0 1.0 -1.0 0.0
b 10 >=:94.0 NO_BOUND
c 0.0 0.0 0.0 0.0 1.0 0.0 -1.0
b 11 >=:98.0 NO_BOUND
c 0.0 0.0 0.0 1.0 -1.0 0.0 0.0
b 12 >=:63.0 NO_BOUND
